
> nano-banana-studio@1.0.0 build
> tsc -b && vite build

src/renderer/App.tsx(1,8): error TS6133: 'React' is declared but its value is never read.
src/renderer/App.tsx(1,38): error TS6133: 'useRef' is declared but its value is never read.
src/renderer/App.tsx(1,58): error TS6133: 'useMemo' is declared but its value is never read.
src/renderer/App.tsx(24,3): error TS6133: 'Scissors' is declared but its value is never read.
src/renderer/App.tsx(24,32): error TS6133: 'ImageIcon' is declared but its value is never read.
src/renderer/App.tsx(25,3): error TS6133: 'Trash2' is declared but its value is never read.
src/renderer/App.tsx(25,11): error TS6133: 'Upload' is declared but its value is never read.
src/renderer/App.tsx(25,19): error TS6133: 'RotateCw' is declared but its value is never read.
src/renderer/App.tsx(25,29): error TS6133: 'MonitorPlay' is declared but its value is never read.
src/renderer/App.tsx(26,3): error TS6133: 'BoxSelect' is declared but its value is never read.
src/renderer/App.tsx(26,14): error TS6133: 'Eraser' is declared but its value is never read.
src/renderer/App.tsx(26,22): error TS6133: 'RefreshCw' is declared but its value is never read.
src/renderer/App.tsx(27,3): error TS6133: 'Target' is declared but its value is never read.
src/renderer/App.tsx(27,21): error TS6133: 'ArrowUp' is declared but its value is never read.
src/renderer/App.tsx(27,30): error TS6133: 'ArrowDown' is declared but its value is never read.
src/renderer/App.tsx(27,41): error TS6133: 'StickyNote' is declared but its value is never read.
src/renderer/App.tsx(27,53): error TS6133: 'Square' is declared but its value is never read.
src/renderer/App.tsx(27,61): error TS6133: 'MoveUpRight' is declared but its value is never read.
src/renderer/App.tsx(28,3): error TS6133: 'ImagePlus' is declared but its value is never read.
src/renderer/App.tsx(28,14): error TS6133: 'Pencil' is declared but its value is never read.
src/renderer/App.tsx(28,32): error TS6133: 'Shirt' is declared but its value is never read.
src/renderer/App.tsx(28,39): error TS6133: 'Sparkles' is declared but its value is never read.
src/renderer/App.tsx(28,49): error TS6133: 'Film' is declared but its value is never read.
src/renderer/App.tsx(29,3): error TS6133: 'Maximize' is declared but its value is never read.
src/renderer/App.tsx(29,13): error TS6133: 'ChevronsRight' is declared but its value is never read.
src/renderer/App.tsx(29,34): error TS6133: 'RefreshCcw' is declared but its value is never read.
src/renderer/App.tsx(29,46): error TS6133: 'Save' is declared but its value is never read.
src/renderer/App.tsx(30,3): error TS6133: 'FlipHorizontal' is declared but its value is never read.
src/renderer/App.tsx(30,19): error TS6133: 'FlipVertical' is declared but its value is never read.
src/renderer/App.tsx(30,33): error TS6133: 'Link2' is declared but its value is never read.
src/renderer/App.tsx(30,40): error TS6133: 'Package' is declared but its value is never read.
src/renderer/App.tsx(31,3): error TS6133: 'ArrowRight' is declared but its value is never read.
src/renderer/App.tsx(31,15): error TS6133: 'Lock' is declared but its value is never read.
src/renderer/App.tsx(31,21): error TS6133: 'Unlock' is declared but its value is never read.
src/renderer/App.tsx(75,13): error TS2339: Property 'state' does not exist on type '{ state: AppState; dispatch: Dispatch<Action>; } | undefined'.
src/renderer/App.tsx(75,20): error TS2339: Property 'dispatch' does not exist on type '{ state: AppState; dispatch: Dispatch<Action>; } | undefined'.
src/renderer/components/CastingForge.tsx(1,46): error TS6133: 'useContext' is declared but its value is never read.
src/renderer/components/CastingForge.tsx(13,10): error TS1484: 'CastMember' is a type and must be imported using a type-only import when 'verbatimModuleSyntax' is enabled.
src/renderer/components/CastingForge.tsx(740,29): error TS7006: Parameter 'c' implicitly has an 'any' type.
src/renderer/components/ProductionConsole.tsx(14,10): error TS1484: 'StageToken' is a type and must be imported using a type-only import when 'verbatimModuleSyntax' is enabled.
src/renderer/components/ProductionConsole.tsx(14,22): error TS1484: 'ReferenceSlot' is a type and must be imported using a type-only import when 'verbatimModuleSyntax' is enabled.
src/renderer/components/ProductionConsole.tsx(14,22): error TS6133: 'ReferenceSlot' is declared but its value is never read.
src/renderer/components/ProductionConsole.tsx(14,37): error TS1484: 'WhitelistProfile' is a type and must be imported using a type-only import when 'verbatimModuleSyntax' is enabled.
src/renderer/components/ProductionConsole.tsx(14,55): error TS1484: 'CastMember' is a type and must be imported using a type-only import when 'verbatimModuleSyntax' is enabled.
src/renderer/components/ProductionConsole.tsx(18,11): error TS2339: Property 'state' does not exist on type '{ state: AppState; dispatch: Dispatch<Action>; } | undefined'.
src/renderer/components/ProductionConsole.tsx(18,18): error TS2339: Property 'dispatch' does not exist on type '{ state: AppState; dispatch: Dispatch<Action>; } | undefined'.
src/renderer/components/ProductionConsole.tsx(248,36): error TS7006: Parameter 'c' implicitly has an 'any' type.
src/renderer/components/ProductionConsole.tsx(336,15): error TS7006: Parameter 'a' implicitly has an 'any' type.
src/renderer/components/ProductionConsole.tsx(337,12): error TS7006: Parameter 'a' implicitly has an 'any' type.
src/renderer/components/ProductionConsole.tsx(458,44): error TS7006: Parameter 'a' implicitly has an 'any' type.
src/renderer/components/ProductionConsole.tsx(458,82): error TS7006: Parameter 'a' implicitly has an 'any' type.
src/renderer/components/ProductionConsole.tsx(651,54): error TS7006: Parameter 't' implicitly has an 'any' type.
src/renderer/components/ProductionConsole.tsx(652,47): error TS7006: Parameter 'c' implicitly has an 'any' type.
src/renderer/components/ProductionConsole.tsx(719,58): error TS7006: Parameter 't' implicitly has an 'any' type.
src/renderer/components/ProductionConsole.tsx(721,44): error TS7006: Parameter 'c' implicitly has an 'any' type.
src/renderer/components/ProductionConsole.tsx(751,50): error TS7006: Parameter 't' implicitly has an 'any' type.
src/renderer/components/ProductionConsole.tsx(894,38): error TS7006: Parameter 't' implicitly has an 'any' type.
src/renderer/components/PropAccessoryStudio.tsx(1,8): error TS6133: 'React' is declared but its value is never read.
src/renderer/components/PropAccessoryStudio.tsx(3,12): error TS6133: 'Upload' is declared but its value is never read.
src/renderer/components/PropAccessoryStudio.tsx(8,10): error TS1484: 'PropItem' is a type and must be imported using a type-only import when 'verbatimModuleSyntax' is enabled.
src/renderer/components/PropAccessoryStudio.tsx(8,20): error TS1484: 'CastMember' is a type and must be imported using a type-only import when 'verbatimModuleSyntax' is enabled.
src/renderer/components/PropAccessoryStudio.tsx(27,25): error TS6133: 'setApplyInvertBg' is declared but its value is never read.
src/renderer/components/PropAccessoryStudio.tsx(45,13): error TS6133: 'finalUrl' is declared but its value is never read.
src/renderer/components/PropAccessoryStudio.tsx(170,22): error TS2345: Argument of type '{ id: any; url: string; name: any; prompt: string; timestamp: any; }' is not assignable to parameter of type 'PropItem'.
  Property 'category' is missing in type '{ id: any; url: string; name: any; prompt: string; timestamp: any; }' but required in type 'PropItem'.
src/renderer/components/PropAccessoryStudio.tsx(200,13): error TS2741: Property 'category' is missing in type '{ id: string; url: string; name: string; prompt: string; timestamp: number; }' but required in type 'PropItem'.
src/renderer/components/SceneCanvas.tsx(1,58): error TS6133: 'useMemo' is declared but its value is never read.
src/renderer/components/SceneCanvas.tsx(9,3): error TS6133: 'Settings' is declared but its value is never read.
src/renderer/components/SceneCanvas.tsx(10,3): error TS6133: 'FlipHorizontal' is declared but its value is never read.
src/renderer/components/SceneCanvas.tsx(11,3): error TS6133: 'FlipVertical' is declared but its value is never read.
src/renderer/components/SceneCanvas.tsx(14,3): error TS6133: 'ArrowDown' is declared but its value is never read.
src/renderer/components/SceneCanvas.tsx(16,3): error TS6133: 'Maximize' is declared but its value is never read.
src/renderer/components/SceneCanvas.tsx(17,3): error TS6133: 'Trash2' is declared but its value is never read.
src/renderer/components/SceneCanvas.tsx(25,3): error TS6133: 'ChevronsRight' is declared but its value is never read.
src/renderer/components/SceneCanvas.tsx(26,18): error TS6133: 'PlayIcon' is declared but its value is never read.
src/renderer/components/SceneCanvas.tsx(27,15): error TS6133: 'DownloadIcon' is declared but its value is never read.
src/renderer/components/SceneCanvas.tsx(31,8): error TS6133: 'CloseIcon' is declared but its value is never read.
src/renderer/components/SceneCanvas.tsx(33,3): error TS6133: 'ChevronRight' is declared but its value is never read.
src/renderer/components/SceneCanvas.tsx(34,3): error TS6133: 'ArrowRight' is declared but its value is never read.
src/renderer/components/SceneCanvas.tsx(38,3): error TS1484: 'DirectorSettings' is a type and must be imported using a type-only import when 'verbatimModuleSyntax' is enabled.
src/renderer/components/SceneCanvas.tsx(39,3): error TS1484: 'DirectorAspectRatio' is a type and must be imported using a type-only import when 'verbatimModuleSyntax' is enabled.
src/renderer/components/SceneCanvas.tsx(40,3): error TS1484: 'DirectorResolution' is a type and must be imported using a type-only import when 'verbatimModuleSyntax' is enabled.
src/renderer/components/SceneCanvas.tsx(41,3): error TS1484: 'DirectorQualityMode' is a type and must be imported using a type-only import when 'verbatimModuleSyntax' is enabled.
src/renderer/components/SceneCanvas.tsx(42,3): error TS1484: 'DirectorSafety' is a type and must be imported using a type-only import when 'verbatimModuleSyntax' is enabled.
src/renderer/components/SceneCanvas.tsx(43,3): error TS1484: 'DirectorMergeStrategy' is a type and must be imported using a type-only import when 'verbatimModuleSyntax' is enabled.
src/renderer/components/SceneCanvas.tsx(43,3): error TS6133: 'DirectorMergeStrategy' is declared but its value is never read.
src/renderer/components/SceneCanvas.tsx(44,3): error TS1484: 'DirectorSpatialLayout' is a type and must be imported using a type-only import when 'verbatimModuleSyntax' is enabled.
src/renderer/components/SceneCanvas.tsx(44,3): error TS6133: 'DirectorSpatialLayout' is declared but its value is never read.
src/renderer/components/SceneCanvas.tsx(45,3): error TS1484: 'DirectorMarkerType' is a type and must be imported using a type-only import when 'verbatimModuleSyntax' is enabled.
src/renderer/components/SceneCanvas.tsx(45,3): error TS6133: 'DirectorMarkerType' is declared but its value is never read.
src/renderer/components/SceneCanvas.tsx(46,3): error TS1484: 'ReferenceSlot' is a type and must be imported using a type-only import when 'verbatimModuleSyntax' is enabled.
src/renderer/components/SceneCanvas.tsx(47,3): error TS1484: 'CastMember' is a type and must be imported using a type-only import when 'verbatimModuleSyntax' is enabled.
src/renderer/components/SceneCanvas.tsx(48,3): error TS1484: 'StageToken' is a type and must be imported using a type-only import when 'verbatimModuleSyntax' is enabled.
src/renderer/components/SceneCanvas.tsx(48,3): error TS6133: 'StageToken' is declared but its value is never read.
src/renderer/components/SceneCanvas.tsx(49,3): error TS1484: 'StageAnnotation' is a type and must be imported using a type-only import when 'verbatimModuleSyntax' is enabled.
src/renderer/components/SceneCanvas.tsx(49,3): error TS6133: 'StageAnnotation' is declared but its value is never read.
src/renderer/components/SceneCanvas.tsx(54,3): error TS6133: 'mergeNegatives' is declared but its value is never read.
src/renderer/components/SceneCanvas.tsx(55,3): error TS6133: 'SCENE_LOCK_NEGATIVE_TOKENS' is declared but its value is never read.
src/renderer/components/SceneCanvas.tsx(60,11): error TS2339: Property 'state' does not exist on type '{ state: AppState; dispatch: Dispatch<Action>; } | undefined'.
src/renderer/components/SceneCanvas.tsx(60,18): error TS2339: Property 'dispatch' does not exist on type '{ state: AppState; dispatch: Dispatch<Action>; } | undefined'.
src/renderer/components/SceneCanvas.tsx(96,9): error TS6133: 'activeRefCount' is declared but its value is never read.
src/renderer/components/SceneCanvas.tsx(96,54): error TS7006: Parameter 's' implicitly has an 'any' type.
src/renderer/components/SceneCanvas.tsx(184,78): error TS2322: Type '"ready"' is not assignable to type 'RefSlotStatus | undefined'.
src/renderer/components/SceneCanvas.tsx(190,46): error TS2322: Type '"ready"' is not assignable to type 'RefSlotStatus | undefined'.
src/renderer/components/SceneCanvas.tsx(192,90): error TS2322: Type '"ready"' is not assignable to type 'RefSlotStatus | undefined'.
src/renderer/components/SceneCanvas.tsx(202,7): error TS2322: Type '"analyzing"' is not assignable to type 'RefSlotStatus | undefined'.
src/renderer/components/SceneCanvas.tsx(238,44): error TS7006: Parameter 's' implicitly has an 'any' type.
src/renderer/components/SceneCanvas.tsx(267,36): error TS7006: Parameter 's' implicitly has an 'any' type.
src/renderer/components/SceneCanvas.tsx(276,44): error TS7006: Parameter 's' implicitly has an 'any' type.
src/renderer/components/SceneCanvas.tsx(298,9): error TS6133: 'handleWipeDirector' is declared but its value is never read.
src/renderer/components/SceneCanvas.tsx(724,31): error TS7006: Parameter 'a' implicitly has an 'any' type.
src/renderer/components/SceneCanvas.tsx(724,34): error TS7006: Parameter 'b' implicitly has an 'any' type.
src/renderer/components/SceneCanvas.tsx(724,65): error TS7006: Parameter 'token' implicitly has an 'any' type.
src/renderer/components/SceneCanvas.tsx(812,34): error TS7006: Parameter 'ann' implicitly has an 'any' type.
src/renderer/components/SceneCanvas.tsx(886,49): error TS7006: Parameter 't' implicitly has an 'any' type.
src/renderer/components/SceneCanvas.tsx(895,49): error TS7006: Parameter 't' implicitly has an 'any' type.
src/renderer/components/SceneCanvas.tsx(1010,41): error TS7006: Parameter 'slot' implicitly has an 'any' type.
src/renderer/components/SceneCanvas.tsx(1046,21): error TS2322: Type '(el: HTMLInputElement | null) => HTMLInputElement | null' is not assignable to type 'Ref<HTMLInputElement> | undefined'.
  Type '(el: HTMLInputElement | null) => HTMLInputElement | null' is not assignable to type '(instance: HTMLInputElement | null) => void | (() => VoidOrUndefinedOnly)'.
    Type 'HTMLInputElement | null' is not assignable to type 'void | (() => VoidOrUndefinedOnly)'.
      Type 'null' is not assignable to type 'void | (() => VoidOrUndefinedOnly)'.
src/renderer/components/SceneCanvas.tsx(1066,36): error TS7006: Parameter 'token' implicitly has an 'any' type.
src/renderer/components/SceneCanvas.tsx(1135,48): error TS7006: Parameter 's' implicitly has an 'any' type.
src/renderer/components/VeoGenerator.tsx(1,27): error TS6133: 'useContext' is declared but its value is never read.
src/renderer/components/VeoGenerator.tsx(8,10): error TS1484: 'StoryboardGeneration' is a type and must be imported using a type-only import when 'verbatimModuleSyntax' is enabled.
src/renderer/components/WardrobeStudio.tsx(8,10): error TS1484: 'WardrobeItem' is a type and must be imported using a type-only import when 'verbatimModuleSyntax' is enabled.
src/renderer/components/WardrobeStudio.tsx(8,24): error TS1484: 'CastMember' is a type and must be imported using a type-only import when 'verbatimModuleSyntax' is enabled.
src/renderer/components/WardrobeStudio.tsx(38,10): error TS6133: 'previewCanvasRef' is declared but its value is never read.
src/renderer/utils/promptHelpers.ts(1,10): error TS1484: 'DirectorSettings' is a type and must be imported using a type-only import when 'verbatimModuleSyntax' is enabled.
src/renderer/utils/promptHelpers.ts(1,28): error TS1484: 'ReferenceSlot' is a type and must be imported using a type-only import when 'verbatimModuleSyntax' is enabled.
src/renderer/utils/promptHelpers.ts(1,43): error TS1484: 'StageToken' is a type and must be imported using a type-only import when 'verbatimModuleSyntax' is enabled.
