src/renderer/components/ProductionConsole.tsx(14,27): error TS6196: 'ReferenceSlot' is declared but never used.
src/renderer/components/ProductionConsole.tsx(978,56): error TS2322: Type '"blocking"' is not assignable to type 'ViewMode'.
src/renderer/components/PropAccessoryStudio.tsx(1,8): error TS6133: 'React' is declared but its value is never read.
src/renderer/components/PropAccessoryStudio.tsx(3,12): error TS6133: 'Upload' is declared but its value is never read.
src/renderer/components/PropAccessoryStudio.tsx(27,25): error TS6133: 'setApplyInvertBg' is declared but its value is never read.
src/renderer/components/PropAccessoryStudio.tsx(45,13): error TS6133: 'finalUrl' is declared but its value is never read.
src/renderer/components/PropAccessoryStudio.tsx(170,22): error TS2345: Argument of type '{ id: any; url: string; name: any; prompt: string; timestamp: any; }' is not assignable to parameter of type 'PropItem'.
  Property 'category' is missing in type '{ id: any; url: string; name: any; prompt: string; timestamp: any; }' but required in type 'PropItem'.
src/renderer/components/PropAccessoryStudio.tsx(200,13): error TS2741: Property 'category' is missing in type '{ id: string; url: string; name: string; prompt: string; timestamp: number; }' but required in type 'PropItem'.
src/renderer/components/SceneCanvas.tsx(1,46): error TS6133: 'useMemo' is declared but its value is never read.
src/renderer/components/SceneCanvas.tsx(9,3): error TS6133: 'Settings' is declared but its value is never read.
src/renderer/components/SceneCanvas.tsx(10,3): error TS6133: 'FlipHorizontal' is declared but its value is never read.
src/renderer/components/SceneCanvas.tsx(11,3): error TS6133: 'FlipVertical' is declared but its value is never read.
src/renderer/components/SceneCanvas.tsx(14,3): error TS6133: 'ArrowDown' is declared but its value is never read.
src/renderer/components/SceneCanvas.tsx(16,3): error TS6133: 'Maximize' is declared but its value is never read.
src/renderer/components/SceneCanvas.tsx(17,3): error TS6133: 'Trash2' is declared but its value is never read.
src/renderer/components/SceneCanvas.tsx(25,3): error TS6133: 'ChevronsRight' is declared but its value is never read.
src/renderer/components/SceneCanvas.tsx(26,18): error TS6133: 'PlayIcon' is declared but its value is never read.
src/renderer/components/SceneCanvas.tsx(27,15): error TS6133: 'DownloadIcon' is declared but its value is never read.
src/renderer/components/SceneCanvas.tsx(31,8): error TS6133: 'CloseIcon' is declared but its value is never read.
src/renderer/components/SceneCanvas.tsx(33,3): error TS6133: 'ChevronRight' is declared but its value is never read.
src/renderer/components/SceneCanvas.tsx(34,3): error TS6133: 'ArrowRight' is declared but its value is never read.
src/renderer/components/SceneCanvas.tsx(43,3): error TS6196: 'DirectorMergeStrategy' is declared but never used.
src/renderer/components/SceneCanvas.tsx(44,3): error TS6196: 'DirectorSpatialLayout' is declared but never used.
src/renderer/components/SceneCanvas.tsx(45,3): error TS6196: 'DirectorMarkerType' is declared but never used.
src/renderer/components/SceneCanvas.tsx(48,3): error TS6196: 'StageToken' is declared but never used.
src/renderer/components/SceneCanvas.tsx(49,3): error TS6196: 'StageAnnotation' is declared but never used.
src/renderer/components/SceneCanvas.tsx(54,3): error TS6133: 'mergeNegatives' is declared but its value is never read.
src/renderer/components/SceneCanvas.tsx(55,3): error TS6133: 'SCENE_LOCK_NEGATIVE_TOKENS' is declared but its value is never read.
src/renderer/components/SceneCanvas.tsx(96,9): error TS6133: 'activeRefCount' is declared but its value is never read.
src/renderer/components/SceneCanvas.tsx(184,78): error TS2322: Type '"ready"' is not assignable to type 'RefSlotStatus | undefined'.
src/renderer/components/SceneCanvas.tsx(190,46): error TS2322: Type '"ready"' is not assignable to type 'RefSlotStatus | undefined'.
src/renderer/components/SceneCanvas.tsx(192,90): error TS2322: Type '"ready"' is not assignable to type 'RefSlotStatus | undefined'.
src/renderer/components/SceneCanvas.tsx(202,7): error TS2322: Type '"analyzing"' is not assignable to type 'RefSlotStatus | undefined'.
src/renderer/components/SceneCanvas.tsx(298,9): error TS6133: 'handleWipeDirector' is declared but its value is never read.
src/renderer/components/SceneCanvas.tsx(1046,21): error TS2322: Type '(el: HTMLInputElement | null) => HTMLInputElement | null' is not assignable to type 'Ref<HTMLInputElement> | undefined'.
  Type '(el: HTMLInputElement | null) => HTMLInputElement | null' is not assignable to type '(instance: HTMLInputElement | null) => void | (() => VoidOrUndefinedOnly)'.
    Type 'HTMLInputElement | null' is not assignable to type 'void | (() => VoidOrUndefinedOnly)'.
      Type 'null' is not assignable to type 'void | (() => VoidOrUndefinedOnly)'.
src/renderer/components/VeoGenerator.tsx(1,27): error TS6133: 'useContext' is declared but its value is never read.
src/renderer/components/WardrobeStudio.tsx(38,10): error TS6133: 'previewCanvasRef' is declared but its value is never read.
